nohup: ignoring input
                     ID  ECR_avg_scaled  ...  KORP-PL  estimation
0       MCULE1626743745    6.120105e-07  ...  -121.62    0.003603
1       MCULE3929746711    6.495717e-08  ...  -110.19    0.003880
2       MCULE2565544213    1.435274e-04  ...  -100.21    0.003440
3       MCULE1141861893    5.311100e-05  ...   -89.56    0.003866
4       MCULE3694409790    9.269039e-06  ...  -113.82    0.003629
...                 ...             ...  ...      ...         ...
122490  MCULE4726527232    7.867871e-05  ...  -156.54    0.003512
122491  MCULE7380925184    2.710079e-10  ...   -75.39    0.003816
122492  MCULE6506891400    3.038941e-07  ...  -119.18    0.003724
122493       Z992564888    1.267176e-05  ...  -123.22    0.003627
122494  MCULE8534127697    7.460818e-08  ...  -114.27    0.003835

[122495 rows x 22 columns]
                     ID  ECR_avg_scaled  ...  KORP-PL  estimation
0       MCULE1626743745    6.120105e-07  ...  -121.62    0.003753
1       MCULE3929746711    6.495717e-08  ...  -110.19    0.003995
2       MCULE2565544213    1.435274e-04  ...  -100.21    0.003582
3       MCULE1141861893    5.311100e-05  ...   -89.56    0.003839
4       MCULE3694409790    9.269039e-06  ...  -113.82    0.003625
...                 ...             ...  ...      ...         ...
122490  MCULE4726527232    7.867871e-05  ...  -156.54    0.003719
122491  MCULE7380925184    2.710079e-10  ...   -75.39    0.003827
122492  MCULE6506891400    3.038941e-07  ...  -119.18    0.003743
122493       Z992564888    1.267176e-05  ...  -123.22    0.003727
122494  MCULE8534127697    7.460818e-08  ...  -114.27    0.003851

[122495 rows x 22 columns]
                     ID  ECR_avg_scaled  ...  KORP-PL  estimation
0       MCULE1626743745    6.120105e-07  ...  -121.62    0.003804
1       MCULE3929746711    6.495717e-08  ...  -110.19    0.003982
2       MCULE2565544213    1.435274e-04  ...  -100.21    0.003741
3       MCULE1141861893    5.311100e-05  ...   -89.56    0.003855
4       MCULE3694409790    9.269039e-06  ...  -113.82    0.003774
...                 ...             ...  ...      ...         ...
122490  MCULE4726527232    7.867871e-05  ...  -156.54    0.003817
122491  MCULE7380925184    2.710079e-10  ...   -75.39    0.003918
122492  MCULE6506891400    3.038941e-07  ...  -119.18    0.003823
122493       Z992564888    1.267176e-05  ...  -123.22    0.003808
122494  MCULE8534127697    7.460818e-08  ...  -114.27    0.003889

[122495 rows x 22 columns]
                     ID  ECR_avg_scaled  ...  KORP-PL  estimation
0       MCULE1626743745    6.120105e-07  ...  -121.62    0.003878
1       MCULE3929746711    6.495717e-08  ...  -110.19    0.003959
2       MCULE2565544213    1.435274e-04  ...  -100.21    0.003840
3       MCULE1141861893    5.311100e-05  ...   -89.56    0.003919
4       MCULE3694409790    9.269039e-06  ...  -113.82    0.003853
...                 ...             ...  ...      ...         ...
122490  MCULE4726527232    7.867871e-05  ...  -156.54    0.003905
122491  MCULE7380925184    2.710079e-10  ...   -75.39    0.003948
122492  MCULE6506891400    3.038941e-07  ...  -119.18    0.003885
122493       Z992564888    1.267176e-05  ...  -123.22    0.003884
122494  MCULE8534127697    7.460818e-08  ...  -114.27    0.003927

[122495 rows x 22 columns]
                     ID  ECR_avg_scaled  ...  KORP-PL  estimation
0       MCULE1626743745    6.120105e-07  ...  -121.62    0.003875
1       MCULE3929746711    6.495717e-08  ...  -110.19    0.003947
2       MCULE2565544213    1.435274e-04  ...  -100.21    0.003842
3       MCULE1141861893    5.311100e-05  ...   -89.56    0.003921
4       MCULE3694409790    9.269039e-06  ...  -113.82    0.003840
...                 ...             ...  ...      ...         ...
122490  MCULE4726527232    7.867871e-05  ...  -156.54    0.003903
122491  MCULE7380925184    2.710079e-10  ...   -75.39    0.003959
122492  MCULE6506891400    3.038941e-07  ...  -119.18    0.003867
122493       Z992564888    1.267176e-05  ...  -123.22    0.003883
122494  MCULE8534127697    7.460818e-08  ...  -114.27    0.003919

[122495 rows x 22 columns]
                     ID  ECR_avg_scaled  ...  KORP-PL  estimation
0       MCULE1626743745    6.120105e-07  ...  -121.62    0.003898
1       MCULE3929746711    6.495717e-08  ...  -110.19    0.003959
2       MCULE2565544213    1.435274e-04  ...  -100.21    0.003879
3       MCULE1141861893    5.311100e-05  ...   -89.56    0.003930
4       MCULE3694409790    9.269039e-06  ...  -113.82    0.003877
...                 ...             ...  ...      ...         ...
122490  MCULE4726527232    7.867871e-05  ...  -156.54    0.003904
122491  MCULE7380925184    2.710079e-10  ...   -75.39    0.003950
122492  MCULE6506891400    3.038941e-07  ...  -119.18    0.003907
122493       Z992564888    1.267176e-05  ...  -123.22    0.003929
122494  MCULE8534127697    7.460818e-08  ...  -114.27    0.003939

[122495 rows x 22 columns]
                     ID  ECR_avg_scaled  ...  KORP-PL  estimation
0       MCULE1626743745    6.120105e-07  ...  -121.62    0.003603
1       MCULE3929746711    6.495717e-08  ...  -110.19    0.003880
2       MCULE2565544213    1.435274e-04  ...  -100.21    0.003440
3       MCULE1141861893    5.311100e-05  ...   -89.56    0.003866
4       MCULE3694409790    9.269039e-06  ...  -113.82    0.003629
...                 ...             ...  ...      ...         ...
122490  MCULE4726527232    7.867871e-05  ...  -156.54    0.003512
122491  MCULE7380925184    2.710079e-10  ...   -75.39    0.003816
122492  MCULE6506891400    3.038941e-07  ...  -119.18    0.003724
122493       Z992564888    1.267176e-05  ...  -123.22    0.003627
122494  MCULE8534127697    7.460818e-08  ...  -114.27    0.003835

[122495 rows x 22 columns]
                     ID  ECR_avg_scaled  ...  KORP-PL  estimation
0       MCULE1626743745    6.120105e-07  ...  -121.62    0.003753
1       MCULE3929746711    6.495717e-08  ...  -110.19    0.003995
2       MCULE2565544213    1.435274e-04  ...  -100.21    0.003582
3       MCULE1141861893    5.311100e-05  ...   -89.56    0.003839
4       MCULE3694409790    9.269039e-06  ...  -113.82    0.003625
...                 ...             ...  ...      ...         ...
122490  MCULE4726527232    7.867871e-05  ...  -156.54    0.003719
122491  MCULE7380925184    2.710079e-10  ...   -75.39    0.003827
122492  MCULE6506891400    3.038941e-07  ...  -119.18    0.003743
122493       Z992564888    1.267176e-05  ...  -123.22    0.003727
122494  MCULE8534127697    7.460818e-08  ...  -114.27    0.003851

[122495 rows x 22 columns]
                     ID  ECR_avg_scaled  ...  KORP-PL  estimation
0       MCULE1626743745    6.120105e-07  ...  -121.62    0.003804
1       MCULE3929746711    6.495717e-08  ...  -110.19    0.003982
2       MCULE2565544213    1.435274e-04  ...  -100.21    0.003741
3       MCULE1141861893    5.311100e-05  ...   -89.56    0.003855
4       MCULE3694409790    9.269039e-06  ...  -113.82    0.003774
...                 ...             ...  ...      ...         ...
122490  MCULE4726527232    7.867871e-05  ...  -156.54    0.003817
122491  MCULE7380925184    2.710079e-10  ...   -75.39    0.003918
122492  MCULE6506891400    3.038941e-07  ...  -119.18    0.003823
122493       Z992564888    1.267176e-05  ...  -123.22    0.003808
122494  MCULE8534127697    7.460818e-08  ...  -114.27    0.003889

[122495 rows x 22 columns]
                     ID  ECR_avg_scaled  ...  KORP-PL  estimation
0       MCULE1626743745    6.120105e-07  ...  -121.62    0.003878
1       MCULE3929746711    6.495717e-08  ...  -110.19    0.003959
2       MCULE2565544213    1.435274e-04  ...  -100.21    0.003840
3       MCULE1141861893    5.311100e-05  ...   -89.56    0.003919
4       MCULE3694409790    9.269039e-06  ...  -113.82    0.003853
...                 ...             ...  ...      ...         ...
122490  MCULE4726527232    7.867871e-05  ...  -156.54    0.003905
122491  MCULE7380925184    2.710079e-10  ...   -75.39    0.003948
122492  MCULE6506891400    3.038941e-07  ...  -119.18    0.003885
122493       Z992564888    1.267176e-05  ...  -123.22    0.003884
122494  MCULE8534127697    7.460818e-08  ...  -114.27    0.003927

[122495 rows x 22 columns]
                     ID  ECR_avg_scaled  ...  KORP-PL  estimation
0       MCULE1626743745    6.120105e-07  ...  -121.62    0.003875
1       MCULE3929746711    6.495717e-08  ...  -110.19    0.003947
2       MCULE2565544213    1.435274e-04  ...  -100.21    0.003842
3       MCULE1141861893    5.311100e-05  ...   -89.56    0.003921
4       MCULE3694409790    9.269039e-06  ...  -113.82    0.003840
...                 ...             ...  ...      ...         ...
122490  MCULE4726527232    7.867871e-05  ...  -156.54    0.003903
122491  MCULE7380925184    2.710079e-10  ...   -75.39    0.003959
122492  MCULE6506891400    3.038941e-07  ...  -119.18    0.003867
122493       Z992564888    1.267176e-05  ...  -123.22    0.003883
122494  MCULE8534127697    7.460818e-08  ...  -114.27    0.003919

[122495 rows x 22 columns]
                     ID  ECR_avg_scaled  ...  KORP-PL  estimation
0       MCULE1626743745    6.120105e-07  ...  -121.62    0.003898
1       MCULE3929746711    6.495717e-08  ...  -110.19    0.003959
2       MCULE2565544213    1.435274e-04  ...  -100.21    0.003879
3       MCULE1141861893    5.311100e-05  ...   -89.56    0.003930
4       MCULE3694409790    9.269039e-06  ...  -113.82    0.003877
...                 ...             ...  ...      ...         ...
122490  MCULE4726527232    7.867871e-05  ...  -156.54    0.003904
122491  MCULE7380925184    2.710079e-10  ...   -75.39    0.003950
122492  MCULE6506891400    3.038941e-07  ...  -119.18    0.003907
122493       Z992564888    1.267176e-05  ...  -123.22    0.003929
122494  MCULE8534127697    7.460818e-08  ...  -114.27    0.003939

[122495 rows x 22 columns]
                     ID  ECR_avg_scaled  ...  KORP-PL  estimation
0       MCULE1626743745    6.120105e-07  ...  -121.62    9.813725
1       MCULE3929746711    6.495717e-08  ...  -110.19    9.813725
2       MCULE2565544213    1.435274e-04  ...  -100.21    9.813725
3       MCULE1141861893    5.311100e-05  ...   -89.56    9.813725
4       MCULE3694409790    9.269039e-06  ...  -113.82    9.813725
...                 ...             ...  ...      ...         ...
122490  MCULE4726527232    7.867871e-05  ...  -156.54    9.813725
122491  MCULE7380925184    2.710079e-10  ...   -75.39    9.813725
122492  MCULE6506891400    3.038941e-07  ...  -119.18    9.813725
122493       Z992564888    1.267176e-05  ...  -123.22    9.813725
122494  MCULE8534127697    7.460818e-08  ...  -114.27    9.813725

[122495 rows x 22 columns]
                     ID  ECR_avg_scaled  ...  KORP-PL  estimation
0       MCULE1626743745    6.120105e-07  ...  -121.62    14.57767
1       MCULE3929746711    6.495717e-08  ...  -110.19    14.57767
2       MCULE2565544213    1.435274e-04  ...  -100.21    14.57767
3       MCULE1141861893    5.311100e-05  ...   -89.56    14.57767
4       MCULE3694409790    9.269039e-06  ...  -113.82    14.57767
...                 ...             ...  ...      ...         ...
122490  MCULE4726527232    7.867871e-05  ...  -156.54    14.57767
122491  MCULE7380925184    2.710079e-10  ...   -75.39    14.57767
122492  MCULE6506891400    3.038941e-07  ...  -119.18    14.57767
122493       Z992564888    1.267176e-05  ...  -123.22    14.57767
122494  MCULE8534127697    7.460818e-08  ...  -114.27    14.57767

[122495 rows x 22 columns]
                     ID  ECR_avg_scaled  ...  KORP-PL  estimation
0       MCULE1626743745    6.120105e-07  ...  -121.62       19.25
1       MCULE3929746711    6.495717e-08  ...  -110.19       19.25
2       MCULE2565544213    1.435274e-04  ...  -100.21       19.25
3       MCULE1141861893    5.311100e-05  ...   -89.56       19.25
4       MCULE3694409790    9.269039e-06  ...  -113.82       19.25
...                 ...             ...  ...      ...         ...
122490  MCULE4726527232    7.867871e-05  ...  -156.54       19.25
122491  MCULE7380925184    2.710079e-10  ...   -75.39       19.25
122492  MCULE6506891400    3.038941e-07  ...  -119.18       19.25
122493       Z992564888    1.267176e-05  ...  -123.22       19.25
122494  MCULE8534127697    7.460818e-08  ...  -114.27       19.25

[122495 rows x 22 columns]
                     ID  ECR_avg_scaled  ...  KORP-PL  estimation
0       MCULE1626743745    6.120105e-07  ...  -121.62   23.833333
1       MCULE3929746711    6.495717e-08  ...  -110.19   23.833333
2       MCULE2565544213    1.435274e-04  ...  -100.21   23.833333
3       MCULE1141861893    5.311100e-05  ...   -89.56   23.833333
4       MCULE3694409790    9.269039e-06  ...  -113.82   23.833333
...                 ...             ...  ...      ...         ...
122490  MCULE4726527232    7.867871e-05  ...  -156.54   23.833333
122491  MCULE7380925184    2.710079e-10  ...   -75.39   23.833333
122492  MCULE6506891400    3.038941e-07  ...  -119.18   23.833333
122493       Z992564888    1.267176e-05  ...  -123.22   23.833333
122494  MCULE8534127697    7.460818e-08  ...  -114.27   23.833333

[122495 rows x 22 columns]
                     ID  ECR_avg_scaled  ...  KORP-PL  estimation
0       MCULE1626743745    6.120105e-07  ...  -121.62   28.330189
1       MCULE3929746711    6.495717e-08  ...  -110.19   28.330189
2       MCULE2565544213    1.435274e-04  ...  -100.21   28.330189
3       MCULE1141861893    5.311100e-05  ...   -89.56   28.330189
4       MCULE3694409790    9.269039e-06  ...  -113.82   28.330189
...                 ...             ...  ...      ...         ...
122490  MCULE4726527232    7.867871e-05  ...  -156.54   28.330189
122491  MCULE7380925184    2.710079e-10  ...   -75.39   28.330189
122492  MCULE6506891400    3.038941e-07  ...  -119.18   28.330189
122493       Z992564888    1.267176e-05  ...  -123.22   28.330189
122494  MCULE8534127697    7.460818e-08  ...  -114.27   28.330189

[122495 rows x 22 columns]
                     ID  ECR_avg_scaled  ...  KORP-PL  estimation
0       MCULE1626743745    6.120105e-07  ...  -121.62   32.742991
1       MCULE3929746711    6.495717e-08  ...  -110.19   32.742991
2       MCULE2565544213    1.435274e-04  ...  -100.21   32.742991
3       MCULE1141861893    5.311100e-05  ...   -89.56   32.742991
4       MCULE3694409790    9.269039e-06  ...  -113.82   32.742991
...                 ...             ...  ...      ...         ...
122490  MCULE4726527232    7.867871e-05  ...  -156.54   32.742991
122491  MCULE7380925184    2.710079e-10  ...   -75.39   32.742991
122492  MCULE6506891400    3.038941e-07  ...  -119.18   32.742991
122493       Z992564888    1.267176e-05  ...  -123.22   32.742991
122494  MCULE8534127697    7.460818e-08  ...  -114.27   32.742991

[122495 rows x 22 columns]
                     ID  ECR_avg_scaled  ...  KORP-PL  estimation
0       MCULE1626743745    6.120105e-07  ...  -121.62    9.813725
1       MCULE3929746711    6.495717e-08  ...  -110.19    9.813725
2       MCULE2565544213    1.435274e-04  ...  -100.21    9.813725
3       MCULE1141861893    5.311100e-05  ...   -89.56    9.813725
4       MCULE3694409790    9.269039e-06  ...  -113.82    9.813725
...                 ...             ...  ...      ...         ...
122490  MCULE4726527232    7.867871e-05  ...  -156.54    9.813725
122491  MCULE7380925184    2.710079e-10  ...   -75.39    9.813725
122492  MCULE6506891400    3.038941e-07  ...  -119.18    9.813725
122493       Z992564888    1.267176e-05  ...  -123.22    9.813725
122494  MCULE8534127697    7.460818e-08  ...  -114.27    9.813725

[122495 rows x 22 columns]
                     ID  ECR_avg_scaled  ...  KORP-PL  estimation
0       MCULE1626743745    6.120105e-07  ...  -121.62    14.57767
1       MCULE3929746711    6.495717e-08  ...  -110.19    14.57767
2       MCULE2565544213    1.435274e-04  ...  -100.21    14.57767
3       MCULE1141861893    5.311100e-05  ...   -89.56    14.57767
4       MCULE3694409790    9.269039e-06  ...  -113.82    14.57767
...                 ...             ...  ...      ...         ...
122490  MCULE4726527232    7.867871e-05  ...  -156.54    14.57767
122491  MCULE7380925184    2.710079e-10  ...   -75.39    14.57767
122492  MCULE6506891400    3.038941e-07  ...  -119.18    14.57767
122493       Z992564888    1.267176e-05  ...  -123.22    14.57767
122494  MCULE8534127697    7.460818e-08  ...  -114.27    14.57767

[122495 rows x 22 columns]
                     ID  ECR_avg_scaled  ...  KORP-PL  estimation
0       MCULE1626743745    6.120105e-07  ...  -121.62       19.25
1       MCULE3929746711    6.495717e-08  ...  -110.19       19.25
2       MCULE2565544213    1.435274e-04  ...  -100.21       19.25
3       MCULE1141861893    5.311100e-05  ...   -89.56       19.25
4       MCULE3694409790    9.269039e-06  ...  -113.82       19.25
...                 ...             ...  ...      ...         ...
122490  MCULE4726527232    7.867871e-05  ...  -156.54       19.25
122491  MCULE7380925184    2.710079e-10  ...   -75.39       19.25
122492  MCULE6506891400    3.038941e-07  ...  -119.18       19.25
122493       Z992564888    1.267176e-05  ...  -123.22       19.25
122494  MCULE8534127697    7.460818e-08  ...  -114.27       19.25

[122495 rows x 22 columns]
                     ID  ECR_avg_scaled  ...  KORP-PL  estimation
0       MCULE1626743745    6.120105e-07  ...  -121.62   23.833333
1       MCULE3929746711    6.495717e-08  ...  -110.19   23.833333
2       MCULE2565544213    1.435274e-04  ...  -100.21   23.833333
3       MCULE1141861893    5.311100e-05  ...   -89.56   23.833333
4       MCULE3694409790    9.269039e-06  ...  -113.82   23.833333
...                 ...             ...  ...      ...         ...
122490  MCULE4726527232    7.867871e-05  ...  -156.54   23.833333
122491  MCULE7380925184    2.710079e-10  ...   -75.39   23.833333
122492  MCULE6506891400    3.038941e-07  ...  -119.18   23.833333
122493       Z992564888    1.267176e-05  ...  -123.22   23.833333
122494  MCULE8534127697    7.460818e-08  ...  -114.27   23.833333

[122495 rows x 22 columns]
                     ID  ECR_avg_scaled  ...  KORP-PL  estimation
0       MCULE1626743745    6.120105e-07  ...  -121.62   28.330189
1       MCULE3929746711    6.495717e-08  ...  -110.19   28.330189
2       MCULE2565544213    1.435274e-04  ...  -100.21   28.330189
3       MCULE1141861893    5.311100e-05  ...   -89.56   28.330189
4       MCULE3694409790    9.269039e-06  ...  -113.82   28.330189
...                 ...             ...  ...      ...         ...
122490  MCULE4726527232    7.867871e-05  ...  -156.54   28.330189
122491  MCULE7380925184    2.710079e-10  ...   -75.39   28.330189
122492  MCULE6506891400    3.038941e-07  ...  -119.18   28.330189
122493       Z992564888    1.267176e-05  ...  -123.22   28.330189
122494  MCULE8534127697    7.460818e-08  ...  -114.27   28.330189

[122495 rows x 22 columns]
                     ID  ECR_avg_scaled  ...  KORP-PL  estimation
0       MCULE1626743745    6.120105e-07  ...  -121.62   32.742991
1       MCULE3929746711    6.495717e-08  ...  -110.19   32.742991
2       MCULE2565544213    1.435274e-04  ...  -100.21   32.742991
3       MCULE1141861893    5.311100e-05  ...   -89.56   32.742991
4       MCULE3694409790    9.269039e-06  ...  -113.82   32.742991
...                 ...             ...  ...      ...         ...
122490  MCULE4726527232    7.867871e-05  ...  -156.54   32.742991
122491  MCULE7380925184    2.710079e-10  ...   -75.39   32.742991
122492  MCULE6506891400    3.038941e-07  ...  -119.18   32.742991
122493       Z992564888    1.267176e-05  ...  -123.22   32.742991
122494  MCULE8534127697    7.460818e-08  ...  -114.27   32.742991

[122495 rows x 22 columns]
                     ID  ECR_avg_scaled  ...  KORP-PL  estimation
0       MCULE1626743745    6.120105e-07  ...  -121.62    0.181534
1       MCULE3929746711    6.495717e-08  ...  -110.19    0.177487
2       MCULE2565544213    1.435274e-04  ...  -100.21    0.169447
3       MCULE1141861893    5.311100e-05  ...   -89.56    0.180910
4       MCULE3694409790    9.269039e-06  ...  -113.82    0.176122
...                 ...             ...  ...      ...         ...
122490  MCULE4726527232    7.867871e-05  ...  -156.54    0.169719
122491  MCULE7380925184    2.710079e-10  ...   -75.39    0.185696
122492  MCULE6506891400    3.038941e-07  ...  -119.18    0.181298
122493       Z992564888    1.267176e-05  ...  -123.22    0.185703
122494  MCULE8534127697    7.460818e-08  ...  -114.27    0.182858

[122495 rows x 22 columns]
                     ID  ECR_avg_scaled  ...  KORP-PL  estimation
0       MCULE1626743745    6.120105e-07  ...  -121.62    0.182644
1       MCULE3929746711    6.495717e-08  ...  -110.19    0.183545
2       MCULE2565544213    1.435274e-04  ...  -100.21    0.179409
3       MCULE1141861893    5.311100e-05  ...   -89.56    0.183543
4       MCULE3694409790    9.269039e-06  ...  -113.82    0.184220
...                 ...             ...  ...      ...         ...
122490  MCULE4726527232    7.867871e-05  ...  -156.54    0.178877
122491  MCULE7380925184    2.710079e-10  ...   -75.39    0.190293
122492  MCULE6506891400    3.038941e-07  ...  -119.18    0.181666
122493       Z992564888    1.267176e-05  ...  -123.22    0.186806
122494  MCULE8534127697    7.460818e-08  ...  -114.27    0.184271

[122495 rows x 22 columns]
                     ID  ECR_avg_scaled  ...  KORP-PL  estimation
0       MCULE1626743745    6.120105e-07  ...  -121.62    0.185043
1       MCULE3929746711    6.495717e-08  ...  -110.19    0.187014
2       MCULE2565544213    1.435274e-04  ...  -100.21    0.181296
3       MCULE1141861893    5.311100e-05  ...   -89.56    0.185028
4       MCULE3694409790    9.269039e-06  ...  -113.82    0.183221
...                 ...             ...  ...      ...         ...
122490  MCULE4726527232    7.867871e-05  ...  -156.54    0.177369
122491  MCULE7380925184    2.710079e-10  ...   -75.39    0.187515
122492  MCULE6506891400    3.038941e-07  ...  -119.18    0.181483
122493       Z992564888    1.267176e-05  ...  -123.22    0.184971
122494  MCULE8534127697    7.460818e-08  ...  -114.27    0.184727

[122495 rows x 22 columns]
                     ID  ECR_avg_scaled  ...  KORP-PL  estimation
0       MCULE1626743745    6.120105e-07  ...  -121.62    0.191147
1       MCULE3929746711    6.495717e-08  ...  -110.19    0.192753
2       MCULE2565544213    1.435274e-04  ...  -100.21    0.187824
3       MCULE1141861893    5.311100e-05  ...   -89.56    0.190051
4       MCULE3694409790    9.269039e-06  ...  -113.82    0.188285
...                 ...             ...  ...      ...         ...
122490  MCULE4726527232    7.867871e-05  ...  -156.54    0.185095
122491  MCULE7380925184    2.710079e-10  ...   -75.39    0.191497
122492  MCULE6506891400    3.038941e-07  ...  -119.18    0.188271
122493       Z992564888    1.267176e-05  ...  -123.22    0.191673
122494  MCULE8534127697    7.460818e-08  ...  -114.27    0.189366

[122495 rows x 22 columns]
                     ID  ECR_avg_scaled  ...  KORP-PL  estimation
0       MCULE1626743745    6.120105e-07  ...  -121.62    0.191993
1       MCULE3929746711    6.495717e-08  ...  -110.19    0.193624
2       MCULE2565544213    1.435274e-04  ...  -100.21    0.188143
3       MCULE1141861893    5.311100e-05  ...   -89.56    0.188587
4       MCULE3694409790    9.269039e-06  ...  -113.82    0.187437
...                 ...             ...  ...      ...         ...
122490  MCULE4726527232    7.867871e-05  ...  -156.54    0.182603
122491  MCULE7380925184    2.710079e-10  ...   -75.39    0.190273
122492  MCULE6506891400    3.038941e-07  ...  -119.18    0.186871
122493       Z992564888    1.267176e-05  ...  -123.22    0.191290
122494  MCULE8534127697    7.460818e-08  ...  -114.27    0.187749

[122495 rows x 22 columns]
                     ID  ECR_avg_scaled  ...  KORP-PL  estimation
0       MCULE1626743745    6.120105e-07  ...  -121.62    0.196135
1       MCULE3929746711    6.495717e-08  ...  -110.19    0.196053
2       MCULE2565544213    1.435274e-04  ...  -100.21    0.195369
3       MCULE1141861893    5.311100e-05  ...   -89.56    0.195452
4       MCULE3694409790    9.269039e-06  ...  -113.82    0.195132
...                 ...             ...  ...      ...         ...
122490  MCULE4726527232    7.867871e-05  ...  -156.54    0.194663
122491  MCULE7380925184    2.710079e-10  ...   -75.39    0.196016
122492  MCULE6506891400    3.038941e-07  ...  -119.18    0.195353
122493       Z992564888    1.267176e-05  ...  -123.22    0.195831
122494  MCULE8534127697    7.460818e-08  ...  -114.27    0.195566

[122495 rows x 22 columns]
                     ID  ECR_avg_scaled  ...  KORP-PL  estimation
0       MCULE1626743745    6.120105e-07  ...  -121.62    0.181534
1       MCULE3929746711    6.495717e-08  ...  -110.19    0.177487
2       MCULE2565544213    1.435274e-04  ...  -100.21    0.169447
3       MCULE1141861893    5.311100e-05  ...   -89.56    0.180910
4       MCULE3694409790    9.269039e-06  ...  -113.82    0.176122
...                 ...             ...  ...      ...         ...
122490  MCULE4726527232    7.867871e-05  ...  -156.54    0.169719
122491  MCULE7380925184    2.710079e-10  ...   -75.39    0.185696
122492  MCULE6506891400    3.038941e-07  ...  -119.18    0.181298
122493       Z992564888    1.267176e-05  ...  -123.22    0.185703
122494  MCULE8534127697    7.460818e-08  ...  -114.27    0.182858

[122495 rows x 22 columns]
                     ID  ECR_avg_scaled  ...  KORP-PL  estimation
0       MCULE1626743745    6.120105e-07  ...  -121.62    0.182644
1       MCULE3929746711    6.495717e-08  ...  -110.19    0.183545
2       MCULE2565544213    1.435274e-04  ...  -100.21    0.179409
3       MCULE1141861893    5.311100e-05  ...   -89.56    0.183543
4       MCULE3694409790    9.269039e-06  ...  -113.82    0.184220
...                 ...             ...  ...      ...         ...
122490  MCULE4726527232    7.867871e-05  ...  -156.54    0.178877
122491  MCULE7380925184    2.710079e-10  ...   -75.39    0.190293
122492  MCULE6506891400    3.038941e-07  ...  -119.18    0.181666
122493       Z992564888    1.267176e-05  ...  -123.22    0.186806
122494  MCULE8534127697    7.460818e-08  ...  -114.27    0.184271

[122495 rows x 22 columns]
                     ID  ECR_avg_scaled  ...  KORP-PL  estimation
0       MCULE1626743745    6.120105e-07  ...  -121.62    0.185043
1       MCULE3929746711    6.495717e-08  ...  -110.19    0.187014
2       MCULE2565544213    1.435274e-04  ...  -100.21    0.181296
3       MCULE1141861893    5.311100e-05  ...   -89.56    0.185028
4       MCULE3694409790    9.269039e-06  ...  -113.82    0.183221
...                 ...             ...  ...      ...         ...
122490  MCULE4726527232    7.867871e-05  ...  -156.54    0.177369
122491  MCULE7380925184    2.710079e-10  ...   -75.39    0.187515
122492  MCULE6506891400    3.038941e-07  ...  -119.18    0.181483
122493       Z992564888    1.267176e-05  ...  -123.22    0.184971
122494  MCULE8534127697    7.460818e-08  ...  -114.27    0.184727

[122495 rows x 22 columns]
